// Jest Snapshot v1, https://goo.gl/fbAQLP

exports[`Canvas should correctly mount 1`] = `
ReactTestInstance {
  "_fiber": FiberNode {
    "_debugHookTypes": Array [
      "useRef",
      "useState",
      "useState",
      "useState",
      "useState",
      "useState",
      "useLayoutEffect",
      "useEffect",
    ],
    "_debugID": 3,
    "_debugNeedsRemount": false,
    "_debugOwner": null,
    "_debugSource": null,
    "actualDuration": 0,
    "actualStartTime": -1,
    "alternate": null,
    "child": FiberNode {
      "_debugHookTypes": null,
      "_debugID": 4,
      "_debugNeedsRemount": false,
      "_debugOwner": [Circular],
      "_debugSource": null,
      "actualDuration": 0,
      "actualStartTime": -1,
      "alternate": null,
      "child": null,
      "childLanes": 0,
      "dependencies": null,
      "elementType": Object {
        "$$typeof": Symbol(react.forward_ref),
        "render": [Function],
      },
      "firstEffect": null,
      "flags": 1,
      "index": 0,
      "key": null,
      "lanes": 0,
      "lastEffect": null,
      "memoizedProps": Object {
        "children": false,
        "onLayout": [Function],
        "style": Object {
          "flex": 1,
        },
      },
      "memoizedState": null,
      "mode": 0,
      "nextEffect": null,
      "pendingProps": Object {
        "children": false,
        "onLayout": [Function],
        "style": Object {
          "flex": 1,
        },
      },
      "ref": null,
      "return": [Circular],
      "selfBaseDuration": 0,
      "sibling": null,
      "stateNode": null,
      "tag": 11,
      "treeBaseDuration": 0,
      "type": Object {
        "$$typeof": Symbol(react.forward_ref),
        "render": [Function],
      },
      "updateQueue": null,
    },
    "childLanes": 0,
    "dependencies": null,
    "elementType": Object {
      "$$typeof": Symbol(react.forward_ref),
      "render": [Function],
    },
    "firstEffect": null,
    "flags": 517,
    "index": 0,
    "key": null,
    "lanes": 0,
    "lastEffect": null,
    "memoizedProps": Object {
      "children": <transform />,
    },
    "memoizedState": Object {
      "baseQueue": null,
      "baseState": null,
      "memoizedState": Object {
        "current": undefined,
      },
      "next": Object {
        "baseQueue": null,
        "baseState": Object {
          "height": 0,
          "width": 0,
        },
        "memoizedState": Object {
          "height": 0,
          "width": 0,
        },
        "next": Object {
          "baseQueue": null,
          "baseState": undefined,
          "memoizedState": undefined,
          "next": Object {
            "baseQueue": null,
            "baseState": undefined,
            "memoizedState": undefined,
            "next": Object {
              "baseQueue": null,
              "baseState": false,
              "memoizedState": false,
              "next": Object {
                "baseQueue": null,
                "baseState": false,
                "memoizedState": false,
                "next": Object {
                  "baseQueue": null,
                  "baseState": null,
                  "memoizedState": Object {
                    "create": [Function],
                    "deps": Array [
                      0,
                      0,
                      undefined,
                      Object {},
                      <transform />,
                    ],
                    "destroy": undefined,
                    "next": Object {
                      "create": [Function],
                      "deps": Array [],
                      "destroy": [Function],
                      "next": [Circular],
                      "tag": 5,
                    },
                    "tag": 3,
                  },
                  "next": Object {
                    "baseQueue": null,
                    "baseState": null,
                    "memoizedState": Object {
                      "create": [Function],
                      "deps": Array [],
                      "destroy": [Function],
                      "next": Object {
                        "create": [Function],
                        "deps": Array [
                          0,
                          0,
                          undefined,
                          Object {},
                          <transform />,
                        ],
                        "destroy": undefined,
                        "next": [Circular],
                        "tag": 3,
                      },
                      "tag": 5,
                    },
                    "next": null,
                    "queue": null,
                  },
                  "queue": null,
                },
                "queue": Object {
                  "dispatch": [Function],
                  "lastRenderedReducer": [Function],
                  "lastRenderedState": false,
                  "pending": null,
                },
              },
              "queue": Object {
                "dispatch": [Function],
                "lastRenderedReducer": [Function],
                "lastRenderedState": false,
                "pending": null,
              },
            },
            "queue": Object {
              "dispatch": [Function],
              "lastRenderedReducer": [Function],
              "lastRenderedState": undefined,
              "pending": null,
            },
          },
          "queue": Object {
            "dispatch": [Function],
            "lastRenderedReducer": [Function],
            "lastRenderedState": undefined,
            "pending": null,
          },
        },
        "queue": Object {
          "dispatch": [Function],
          "lastRenderedReducer": [Function],
          "lastRenderedState": Object {
            "height": 0,
            "width": 0,
          },
          "pending": null,
        },
      },
      "queue": null,
    },
    "mode": 0,
    "nextEffect": null,
    "pendingProps": Object {
      "children": <transform />,
    },
    "ref": null,
    "return": FiberNode {
      "_debugHookTypes": null,
      "_debugID": 1,
      "_debugNeedsRemount": false,
      "_debugOwner": null,
      "_debugSource": null,
      "actualDuration": 0,
      "actualStartTime": -1,
      "alternate": FiberNode {
        "_debugHookTypes": null,
        "_debugID": 1,
        "_debugNeedsRemount": false,
        "_debugOwner": null,
        "_debugSource": null,
        "actualDuration": 0,
        "actualStartTime": -1,
        "alternate": [Circular],
        "child": null,
        "childLanes": 0,
        "dependencies": null,
        "elementType": null,
        "firstEffect": null,
        "flags": 0,
        "index": 0,
        "key": null,
        "lanes": 1,
        "lastEffect": null,
        "memoizedProps": null,
        "memoizedState": null,
        "mode": 0,
        "nextEffect": null,
        "pendingProps": null,
        "ref": null,
        "return": null,
        "selfBaseDuration": 0,
        "sibling": null,
        "stateNode": FiberRootNode {
          "_debugRootType": "createLegacyRoot()",
          "callbackNode": null,
          "callbackPriority": 15,
          "containerInfo": Object {
            "children": Array [],
            "createNodeMock": [Function],
            "tag": "CONTAINER",
          },
          "context": Object {},
          "current": [Circular],
          "entangledLanes": 0,
          "entanglements": Array [
            0,
            0,
            0,
            0,
            0,
            0,
            0,
            0,
            0,
            0,
            0,
            0,
            0,
            0,
            0,
            0,
            0,
            0,
            0,
            0,
            0,
            0,
            0,
            0,
            0,
            0,
            0,
            0,
            0,
            0,
            0,
          ],
          "eventTimes": Array [
            -1,
            0,
            0,
            0,
            0,
            0,
            0,
            0,
            0,
            0,
            0,
            0,
            0,
            0,
            0,
            0,
            0,
            0,
            0,
            0,
            0,
            0,
            0,
            0,
            0,
            0,
            0,
            0,
            0,
            0,
            0,
          ],
          "expirationTimes": Array [
            -1,
            -1,
            -1,
            -1,
            -1,
            -1,
            -1,
            -1,
            -1,
            -1,
            -1,
            -1,
            -1,
            -1,
            -1,
            -1,
            -1,
            -1,
            -1,
            -1,
            -1,
            -1,
            -1,
            -1,
            -1,
            -1,
            -1,
            -1,
            -1,
            -1,
            -1,
          ],
          "expiredLanes": 0,
          "finishedLanes": 0,
          "finishedWork": null,
          "hydrate": false,
          "interactionThreadID": 1,
          "memoizedInteractions": Set {},
          "mutableReadLanes": 0,
          "pendingChildren": null,
          "pendingContext": null,
          "pendingInteractionMap": Map {},
          "pendingLanes": 0,
          "pingCache": null,
          "pingedLanes": 0,
          "suspendedLanes": 0,
          "tag": 0,
          "timeoutHandle": -1,
        },
        "tag": 3,
        "treeBaseDuration": 0,
        "type": null,
        "updateQueue": Object {
          "baseState": null,
          "effects": null,
          "firstBaseUpdate": Object {
            "callback": null,
            "eventTime": 0,
            "lane": 1,
            "next": null,
            "payload": Object {
              "element": <ForwardRef>
                <transform />
              </ForwardRef>,
            },
            "tag": 0,
          },
          "lastBaseUpdate": Object {
            "callback": null,
            "eventTime": 0,
            "lane": 1,
            "next": null,
            "payload": Object {
              "element": <ForwardRef>
                <transform />
              </ForwardRef>,
            },
            "tag": 0,
          },
          "shared": Object {
            "pending": null,
          },
        },
      },
      "child": [Circular],
      "childLanes": 0,
      "dependencies": null,
      "elementType": null,
      "firstEffect": [Circular],
      "flags": 256,
      "index": 0,
      "key": null,
      "lanes": 0,
      "lastEffect": [Circular],
      "memoizedProps": null,
      "memoizedState": Object {
        "element": <ForwardRef>
          <transform />
        </ForwardRef>,
      },
      "mode": 0,
      "nextEffect": null,
      "pendingProps": null,
      "ref": null,
      "return": null,
      "selfBaseDuration": 0,
      "sibling": null,
      "stateNode": FiberRootNode {
        "_debugRootType": "createLegacyRoot()",
        "callbackNode": null,
        "callbackPriority": 15,
        "containerInfo": Object {
          "children": Array [],
          "createNodeMock": [Function],
          "tag": "CONTAINER",
        },
        "context": Object {},
        "current": [Circular],
        "entangledLanes": 0,
        "entanglements": Array [
          0,
          0,
          0,
          0,
          0,
          0,
          0,
          0,
          0,
          0,
          0,
          0,
          0,
          0,
          0,
          0,
          0,
          0,
          0,
          0,
          0,
          0,
          0,
          0,
          0,
          0,
          0,
          0,
          0,
          0,
          0,
        ],
        "eventTimes": Array [
          -1,
          0,
          0,
          0,
          0,
          0,
          0,
          0,
          0,
          0,
          0,
          0,
          0,
          0,
          0,
          0,
          0,
          0,
          0,
          0,
          0,
          0,
          0,
          0,
          0,
          0,
          0,
          0,
          0,
          0,
          0,
        ],
        "expirationTimes": Array [
          -1,
          -1,
          -1,
          -1,
          -1,
          -1,
          -1,
          -1,
          -1,
          -1,
          -1,
          -1,
          -1,
          -1,
          -1,
          -1,
          -1,
          -1,
          -1,
          -1,
          -1,
          -1,
          -1,
          -1,
          -1,
          -1,
          -1,
          -1,
          -1,
          -1,
          -1,
        ],
        "expiredLanes": 0,
        "finishedLanes": 0,
        "finishedWork": null,
        "hydrate": false,
        "interactionThreadID": 1,
        "memoizedInteractions": Set {},
        "mutableReadLanes": 0,
        "pendingChildren": null,
        "pendingContext": null,
        "pendingInteractionMap": Map {},
        "pendingLanes": 0,
        "pingCache": null,
        "pingedLanes": 0,
        "suspendedLanes": 0,
        "tag": 0,
        "timeoutHandle": -1,
      },
      "tag": 3,
      "treeBaseDuration": 0,
      "type": null,
      "updateQueue": Object {
        "baseState": Object {
          "element": <ForwardRef>
            <transform />
          </ForwardRef>,
        },
        "effects": null,
        "firstBaseUpdate": null,
        "lastBaseUpdate": null,
        "shared": Object {
          "pending": null,
        },
      },
    },
    "selfBaseDuration": 0,
    "sibling": null,
    "stateNode": null,
    "tag": 11,
    "treeBaseDuration": 0,
    "type": Object {
      "$$typeof": Symbol(react.forward_ref),
      "render": [Function],
    },
    "updateQueue": Object {
      "lastEffect": Object {
        "create": [Function],
        "deps": Array [],
        "destroy": [Function],
        "next": Object {
          "create": [Function],
          "deps": Array [
            0,
            0,
            undefined,
            Object {},
            <transform />,
          ],
          "destroy": undefined,
          "next": [Circular],
          "tag": 3,
        },
        "tag": 5,
      },
    },
  },
}
`;
